C51 COMPILER V9.54   ____________1                                                         03/26/2023 17:49:24 PAGE 1   


C51 COMPILER V9.54, COMPILATION OF MODULE ____________1
OBJECT MODULE PLACED IN 多级通信从机1.OBJ
COMPILER INVOKED BY: C:\Keil_v5\C51\BIN\C51.EXE 多级通信从机1.c OPTIMIZE(8,SPEED) BROWSE DEBUG OBJECTEXTEND TABS(2)

line level    source

   1          #include<reg51.h>
   2          #include<string.h>
   3          
   4          #define addr     0x01//从机1的地址
   5          #define _SUCC_   0x0f//数据传送成功
   6          #define _ERR_    0xf0//数据传送失败
   7          unsigned char aa=0xff;//主机与从机之间通信标志
   8          unsigned char Buff[3]={0x01,0x02,0x03};//数据缓冲区
   9          sbit Rs485_die=P3^7; //高电平输出  低电平输入
  10          unsigned char biao;
  11          sbit led=P2^0;
  12          
  13           void delay_1ms(unsigned int t)
  14          {
  15   1       unsigned int x,y;
  16   1       for(x=t;x>0;x--)
  17   1        for(y=110;y>0;y--);
  18   1      }
  19          
  20          
  21          //串口初始化函数
  22          void serial_init()
  23          {
  24   1       TMOD=0x20; //定时器1工作于方式2
  25   1       TH1=0xfd;  
  26   1       TL1=0xfd; //波特率为9600
  27   1       PCON=0;
  28   1       SCON=0xd0;  //串口工作于方式3
  29   1       TR1=1;  //开启定时器
  30   1       TI=0;
  31   1       RI=0;
  32   1       
  33   1       //ES=1;            //打开接收中断
  34   1       //EA=1;            //打开总中断
  35   1      
  36   1      }
  37          
  38          
  39          
  40          void main()
  41          {
  42   1        unsigned char tempt1,i;
  43   1        serial_init();
  44   1        biao=0;
  45   1        SM2=1;   
  46   1        Rs485_die=0;
  47   1        led=1;
  48   1       while(1)
  49   1       {
  50   2                    //接收地址帧
  51   2             while(tempt1!=addr)
  52   2           {
  53   3             delay_1ms(300);
  54   3               Rs485_die=0;
  55   3             RI=0;
C51 COMPILER V9.54   ____________1                                                         03/26/2023 17:49:24 PAGE 2   

  56   3             while(!RI);
  57   3               tempt1=SBUF;
  58   3           
  59   3           
  60   3           }
  61   2          led=~led;
  62   2            SM2=0; 
  63   2      
  64   2            TI=0;
  65   2          Rs485_die=1;
  66   2            SBUF=addr;
  67   2          while(!TI);
  68   2          TI=0;
  69   2      
  70   2            Rs485_die=0;
  71   2      
  72   2      
  73   2          
  74   2             RI=0;
  75   2             while(!RI);
  76   2               Buff[0]=SBUF;
  77   2             
  78   2             RI=0;
  79   2          
  80   2        
  81   2      
  82   2           
  83   2      
  84   2           Rs485_die=1;
  85   2           TI=0;
  86   2            SBUF= Buff[0];
  87   2          while(!TI);
  88   2          TI=0;
  89   2      
  90   2      
  91   2            SBUF=Buff[1];
  92   2        //  SBUF=0X01;
  93   2          while(!TI);
  94   2          TI=0;
  95   2      
  96   2             Rs485_die=0;
  97   2           tempt1=0X00;
  98   2           SM2=1 ;
  99   2        
 100   2      
 101   2      
 102   2       }
 103   1      }
*** WARNING C280 IN LINE 42 OF 多级通信从机1.c: 'i': unreferenced local variable
 104          
 105          
 106            void Usart() interrupt 4
 107          {
 108   1          
 109   1          if(biao==0) 
 110   1        {
 111   2              
 112   2               while(!RI);
 113   2               aa=SBUF;
 114   2      
 115   2           if(aa==addr)
 116   2           {
C51 COMPILER V9.54   ____________1                                                         03/26/2023 17:49:24 PAGE 3   

 117   3            SM2=0;
 118   3              biao=1;
 119   3            RI=0;
 120   3           }else
 121   2           {
 122   3              RI=0;
 123   3           }   
 124   2        }
 125   1        if(biao==1)
 126   1        {
 127   2          while(!RI);
 128   2          Buff[0]=SBUF;
 129   2          aa=0xff;
 130   2          
 131   2            SM2=1;
 132   2          biao=0;
 133   2            RI=0;
 134   2           
 135   2        }   
 136   1         
 137   1      } 


MODULE INFORMATION:   STATIC OVERLAYABLE
   CODE SIZE        =    199    ----
   CONSTANT SIZE    =   ----    ----
   XDATA SIZE       =   ----    ----
   PDATA SIZE       =   ----    ----
   DATA SIZE        =      5       1
   IDATA SIZE       =   ----    ----
   BIT SIZE         =   ----    ----
END OF MODULE INFORMATION.


C51 COMPILATION COMPLETE.  1 WARNING(S),  0 ERROR(S)
